<UIView; frame = (0 0; 375 667); autoresize = W+H; gestureRecognizers = <NSArray>; layer = <CALayer>>
   | <swift_2048.GameboardView; frame = (92 278; 230 230); layer = <CALayer>>
   |    | <UIView; frame = (6 6; 50 50); layer = <CALayer>>
   |    | <UIView; frame = (6 62; 50 50); layer = <CALayer>>
   |    | <UIView; frame = (6 118; 50 50); layer = <CALayer>>
   |    | <UIView; frame = (6 174; 50 50); layer = <CALayer>>
   |    | <UIView; frame = (62 6; 50 50); layer = <CALayer>>
   |    | <UIView; frame = (62 62; 50 50); layer = <CALayer>>
   |    | <UIView; frame = (62 118; 50 50); layer = <CALayer>>
   |    | <UIView; frame = (62 174; 50 50); layer = <CALayer>>
   |    | <UIView; frame = (118 6; 50 50); layer = <CALayer>>
   |    | <UIView; frame = (118 62; 50 50); layer = <CALayer>>
   |    | <UIView; frame = (118 118; 50 50); layer = <CALayer>>
   |    | <UIView; frame = (118 174; 50 50); layer = <CALayer>>
   |    | <UIView; frame = (174 6; 50 50); layer = <CALayer>>
   |    | <UIView; frame = (174 62; 50 50); layer = <CALayer>>
   |    | <UIView; frame = (174 118; 50 50); layer = <CALayer>>
   |    | <UIView; frame = (174 174; 50 50); layer = <CALayer>>
   |    | <swift_2048.TileView; frame = (59.5 59.5; 55 55); transform = [1.1000000000000001, 0, 0, 1.1000000000000001, 0, 0]; animations = { transform=<CABasicAnimation>; }; layer = <CALayer>>
   |    |    | <UILabel; frame = (0 0; 50 50); text = '2'; userInteractionEnabled = NO; layer = <_UILabelLayer>>
   | <swift_2048.ScoreView; frame = (137 228; 140 40); layer = <CALayer>>
   |    | <UILabel; frame = (0 0; 140 40); text = '12345678'; userInteractionEnabled = NO; layer = <_UILabelLayer>>