<swift_2048.NumberTileGameViewController>, state: appearing, view: <UIView>